#-----------------------------------------------------------
# Vivado v2019.1 (64-bit)
# SW Build 2552052 on Fri May 24 14:49:42 MDT 2019
# IP Build 2548770 on Fri May 24 18:01:18 MDT 2019
# Start of session at: Sun Oct 30 11:36:54 2022
# Process ID: 8324
# Current directory: X:/EC551/FinalProject/Working Copy/EC551_FinalProject/ADC Development/Demos/Nexys7/vivado_proj
# Command line: vivado.exe -gui_launcher_event rodinguilauncherevent2744 X:\EC551\FinalProject\Working Copy\EC551_FinalProject\ADC Development\Demos\Nexys7\vivado_proj\Nexys-A7-100T-XADC.xpr
# Log file: X:/EC551/FinalProject/Working Copy/EC551_FinalProject/ADC Development/Demos/Nexys7/vivado_proj/vivado.log
# Journal file: X:/EC551/FinalProject/Working Copy/EC551_FinalProject/ADC Development/Demos/Nexys7/vivado_proj\vivado.jou
#-----------------------------------------------------------
start_gui
open_project {X:/EC551/FinalProject/Working Copy/EC551_FinalProject/ADC Development/Demos/Nexys7/vivado_proj/Nexys-A7-100T-XADC.xpr}
update_compile_order -fileset sources_1
reset_run synth_1
reset_run xadc_wiz_0_synth_1
launch_runs impl_1 -to_step write_bitstream -jobs 6
wait_on_run impl_1
get_board_parts
open_hw
connect_hw_server
open_hw_target
current_hw_device [get_hw_devices xc7a100t_0]
refresh_hw_device -update_hw_probes false [lindex [get_hw_devices xc7a100t_0] 0]
