#-----------------------------------------------------------
# Vivado v2019.1 (64-bit)
# SW Build 2552052 on Fri May 24 14:49:42 MDT 2019
# IP Build 2548770 on Fri May 24 18:01:18 MDT 2019
# Start of session at: Thu Nov 17 14:53:30 2022
# Process ID: 8560
# Current directory: X:/EC551/FinalProject/working copy 11.17/EC551_FinalProject/Analog_Pong_Game
# Command line: vivado.exe -gui_launcher_event rodinguilauncherevent7124 X:\EC551\FinalProject\working copy 11.17\EC551_FinalProject\Analog_Pong_Game\Analog_Pong_Game.xpr
# Log file: X:/EC551/FinalProject/working copy 11.17/EC551_FinalProject/Analog_Pong_Game/vivado.log
# Journal file: X:/EC551/FinalProject/working copy 11.17/EC551_FinalProject/Analog_Pong_Game\vivado.jou
#-----------------------------------------------------------
start_gui
open_project {X:/EC551/FinalProject/working copy 11.17/EC551_FinalProject/Analog_Pong_Game/Analog_Pong_Game.xpr}
update_compile_order -fileset sources_1
update_compile_order -fileset sources_1
synth_design -rtl -name rtl_1
update_compile_order -fileset sources_1
synth_design -rtl -name rtl_1
synth_design -rtl -name rtl_1
synth_design -rtl -name rtl_1
synth_design -rtl -name rtl_1
synth_design -rtl -name rtl_1
add_files -norecurse {{X:/EC551/FinalProject/working copy 11.17/EC551_FinalProject/analog2game.v}}
update_compile_order -fileset sources_1
update_compile_order -fileset sources_1
refresh_design
reset_run synth_1
launch_runs synth_1 -jobs 6
wait_on_run synth_1
set_property IOSTANDARD LVCMOS33 [get_ports [list {LED_top[15]} {LED_top[14]} {LED_top[13]} {LED_top[12]} {LED_top[11]} {LED_top[10]} {LED_top[9]} {LED_top[8]} {LED_top[7]} {LED_top[6]} {LED_top[5]} {LED_top[4]} {LED_top[3]} {LED_top[2]} {LED_top[1]} {LED_top[0]}]]
refresh_design
set_property IOSTANDARD LVCMOS33 [get_ports [list vn_in]]
set_property IOSTANDARD LVCMOS33 [get_ports [list vp_in]]
set_property target_constrs_file {X:/EC551/FinalProject/working copy 11.17/EC551_FinalProject/Analog_Pong_Game/vivado_proj/Nexys-A7-100T-XADC.srcs/constrs_1/imports/constraints/Nexys-A7-100T-Master.xdc} [current_fileset -constrset]
save_constraints -force
reset_run synth_1
launch_runs synth_1 -jobs 6
wait_on_run synth_1
launch_runs impl_1 -jobs 6
wait_on_run impl_1
refresh_design
reset_run synth_1
launch_runs synth_1 -jobs 6
wait_on_run synth_1
launch_runs impl_1 -jobs 6
wait_on_run impl_1
add_files -norecurse {{X:/EC551/FinalProject/working copy 11.17/EC551_FinalProject/Analog_Pong_Game/vivado_proj/Nexys-A7-100T-XADC.srcs/xadc_wiz_0/ip/xadc_wiz_1/xadc_wiz_1.v}}
update_compile_order -fileset sources_1
update_compile_order -fileset sources_1
refresh_design
reset_run synth_1
launch_runs synth_1 -jobs 6
wait_on_run synth_1
launch_runs impl_1 -jobs 6
wait_on_run impl_1
